// Jest Snapshot v1, https://goo.gl/fbAQLP

exports[`Symbol.iterator cannot be set 1`] = `
"snippetCode.ts (2,14): Cannot assign to 'iterator' because it is a read-only property.

      1 | 
    > 2 |       Symbol.iterator = Symbol.for('foo');
        |              ^
      3 |     
"
`;
