// Jest Snapshot v1, https://goo.gl/fbAQLP

exports[`common convertAction - missing args event 1`] = `"Notification had no arguments"`;

exports[`common convertCallResult - error 1`] = `[Error [INVOCATION_CALL]: Failure!]`;

exports[`common convertParams - missing param 1`] = `"Expected 2 parameters, found 1."`;

exports[`common getParametersObject - throws error on mismatched length 1`] = `"Expected 2 parameters, found 1."`;
