// Jest Snapshot v1, https://goo.gl/fbAQLP

exports[`console cannot be extended 1`] = `
"snippetCode.ts (2,32): Cannot extend an interface 'Console'. Did you mean 'implements'?

      1 | 
    > 2 |       class MyFunction extends Console {
        |                                ^
      3 |       }
      4 |     
"
`;

exports[`console cannot be implemented 1`] = `
"snippetCode.ts (2,13): Class 'MyConsole' incorrectly implements interface 'Console'.
  Type 'MyConsole' is missing the following properties from type 'Console': log, [one0]

      1 | 
    > 2 |       class MyConsole implements Console {
        |             ^
      3 |       }
      4 |     
"
`;
