// Jest Snapshot v1, https://goo.gl/fbAQLP

exports[`Feeless Transaction Model Serialize Base - Unsigned 1`] = `"000000000000000000000000000000000000000000a0860100013775292229eccdf904f16fff8e83e7cffdc0f0ce00000101"`;
