// Jest Snapshot v1, https://goo.gl/fbAQLP

exports[`resolvePackage resolve @emotion/styled 1`] = `
Array [
  "/regenerator/index.js",
  "/helpers/applyDecoratedDescriptor.js",
  "/helpers/arrayWithHoles.js",
  "/helpers/arrayWithoutHoles.js",
  "/helpers/assertThisInitialized.js",
  "/helpers/AsyncGenerator.js",
  "/helpers/AwaitValue.js",
  "/helpers/asyncGeneratorDelegate.js",
  "/helpers/asyncIterator.js",
  "/helpers/asyncToGenerator.js",
  "/helpers/awaitAsyncGenerator.js",
  "/helpers/classCallCheck.js",
  "/helpers/classNameTDZError.js",
  "/helpers/classPrivateFieldGet.js",
  "/helpers/classPrivateFieldLooseBase.js",
  "/helpers/classPrivateFieldLooseKey.js",
  "/helpers/classPrivateFieldSet.js",
  "/helpers/classPrivateMethodGet.js",
  "/helpers/classPrivateMethodSet.js",
  "/helpers/classStaticPrivateFieldSpecGet.js",
  "/helpers/classStaticPrivateFieldSpecSet.js",
  "/helpers/classStaticPrivateMethodGet.js",
  "/helpers/classStaticPrivateMethodSet.js",
  "/helpers/construct.js",
  "/helpers/setPrototypeOf.js",
  "/helpers/createClass.js",
  "/helpers/decorate.js",
  "/helpers/toArray.js",
  "/helpers/iterableToArray.js",
  "/helpers/nonIterableRest.js",
  "/helpers/toPropertyKey.js",
  "/helpers/typeof.js",
  "/helpers/toPrimitive.js",
  "/helpers/defaults.js",
  "/helpers/defineEnumerableProperties.js",
  "/helpers/defineProperty.js",
  "/helpers/esm/applyDecoratedDescriptor.js",
  "/helpers/esm/arrayWithHoles.js",
  "/helpers/esm/arrayWithoutHoles.js",
  "/helpers/esm/assertThisInitialized.js",
  "/helpers/esm/AsyncGenerator.js",
  "/helpers/esm/asyncGeneratorDelegate.js",
  "/helpers/esm/asyncIterator.js",
  "/helpers/esm/asyncToGenerator.js",
  "/helpers/esm/awaitAsyncGenerator.js",
  "/helpers/esm/AwaitValue.js",
  "/helpers/esm/classCallCheck.js",
  "/helpers/esm/classNameTDZError.js",
  "/helpers/esm/classPrivateFieldGet.js",
  "/helpers/esm/classPrivateFieldLooseBase.js",
  "/helpers/esm/classPrivateFieldLooseKey.js",
  "/helpers/esm/classPrivateFieldSet.js",
  "/helpers/esm/classPrivateMethodGet.js",
  "/helpers/esm/classPrivateMethodSet.js",
  "/helpers/esm/classStaticPrivateFieldSpecGet.js",
  "/helpers/esm/classStaticPrivateFieldSpecSet.js",
  "/helpers/esm/classStaticPrivateMethodGet.js",
  "/helpers/esm/classStaticPrivateMethodSet.js",
  "/helpers/esm/construct.js",
  "/helpers/esm/createClass.js",
  "/helpers/esm/decorate.js",
  "/helpers/esm/defaults.js",
  "/helpers/esm/defineEnumerableProperties.js",
  "/helpers/esm/defineProperty.js",
  "/helpers/esm/extends.js",
  "/helpers/esm/get.js",
  "/helpers/esm/getPrototypeOf.js",
  "/helpers/esm/inherits.js",
  "/helpers/esm/inheritsLoose.js",
  "/helpers/esm/initializerDefineProperty.js",
  "/helpers/esm/initializerWarningHelper.js",
  "/helpers/esm/instanceof.js",
  "/helpers/esm/interopRequireDefault.js",
  "/helpers/esm/interopRequireWildcard.js",
  "/helpers/esm/isNativeFunction.js",
  "/helpers/esm/iterableToArray.js",
  "/helpers/esm/iterableToArrayLimit.js",
  "/helpers/esm/iterableToArrayLimitLoose.js",
  "/helpers/esm/jsx.js",
  "/helpers/esm/newArrowCheck.js",
  "/helpers/esm/nonIterableRest.js",
  "/helpers/esm/nonIterableSpread.js",
  "/helpers/esm/objectDestructuringEmpty.js",
  "/helpers/esm/objectSpread.js",
  "/helpers/esm/objectSpread2.js",
  "/helpers/esm/objectWithoutProperties.js",
  "/helpers/esm/objectWithoutPropertiesLoose.js",
  "/helpers/esm/possibleConstructorReturn.js",
  "/helpers/esm/readOnlyError.js",
  "/helpers/esm/set.js",
  "/helpers/esm/setPrototypeOf.js",
  "/helpers/esm/skipFirstGeneratorNext.js",
  "/helpers/esm/slicedToArray.js",
  "/helpers/esm/slicedToArrayLoose.js",
  "/helpers/esm/superPropBase.js",
  "/helpers/esm/taggedTemplateLiteral.js",
  "/helpers/esm/taggedTemplateLiteralLoose.js",
  "/helpers/esm/temporalRef.js",
  "/helpers/esm/temporalUndefined.js",
  "/helpers/esm/toArray.js",
  "/helpers/esm/toConsumableArray.js",
  "/helpers/esm/toPrimitive.js",
  "/helpers/esm/toPropertyKey.js",
  "/helpers/esm/typeof.js",
  "/helpers/esm/wrapAsyncGenerator.js",
  "/helpers/esm/wrapNativeSuper.js",
  "/helpers/esm/wrapRegExp.js",
  "/helpers/extends.js",
  "/helpers/get.js",
  "/helpers/getPrototypeOf.js",
  "/helpers/superPropBase.js",
  "/helpers/inherits.js",
  "/helpers/inheritsLoose.js",
  "/helpers/initializerDefineProperty.js",
  "/helpers/initializerWarningHelper.js",
  "/helpers/instanceof.js",
  "/helpers/interopRequireDefault.js",
  "/helpers/interopRequireWildcard.js",
  "/helpers/isNativeFunction.js",
  "/helpers/iterableToArrayLimit.js",
  "/helpers/iterableToArrayLimitLoose.js",
  "/helpers/jsx.js",
  "/helpers/newArrowCheck.js",
  "/helpers/nonIterableSpread.js",
  "/helpers/objectDestructuringEmpty.js",
  "/helpers/objectSpread.js",
  "/helpers/objectSpread2.js",
  "/helpers/objectWithoutProperties.js",
  "/helpers/objectWithoutPropertiesLoose.js",
  "/helpers/possibleConstructorReturn.js",
  "/helpers/readOnlyError.js",
  "/helpers/set.js",
  "/helpers/skipFirstGeneratorNext.js",
  "/helpers/slicedToArray.js",
  "/helpers/slicedToArrayLoose.js",
  "/helpers/taggedTemplateLiteral.js",
  "/helpers/taggedTemplateLiteralLoose.js",
  "/helpers/temporalRef.js",
  "/helpers/temporalUndefined.js",
  "/helpers/toConsumableArray.js",
  "/helpers/wrapAsyncGenerator.js",
  "/helpers/wrapNativeSuper.js",
  "/helpers/wrapRegExp.js",
  "/package.json",
]
`;

exports[`resolvePackage resolves @types/react 1`] = `
Array [
  "/global.d.ts",
  "/index.d.ts",
  "/package.json",
]
`;

exports[`resolvePackage resolves rxjs 1`] = `
Array [
  "/index.js",
  "/index.d.ts",
  "/internal/Observable.js",
  "/internal/Observable.d.ts",
  "/internal/util/canReportError.js",
  "/internal/util/canReportError.d.ts",
  "/internal/Subscriber.js",
  "/internal/Subscriber.d.ts",
  "/internal/util/isFunction.js",
  "/internal/util/isFunction.d.ts",
  "/internal/Observer.js",
  "/internal/Observer.d.ts",
  "/internal/config.js",
  "/internal/config.d.ts",
  "/internal/util/hostReportError.js",
  "/internal/util/hostReportError.d.ts",
  "/internal/Subscription.js",
  "/internal/Subscription.d.ts",
  "/internal/util/isArray.js",
  "/internal/util/isArray.d.ts",
  "/internal/util/isObject.js",
  "/internal/util/isObject.d.ts",
  "/internal/util/tryCatch.js",
  "/internal/util/tryCatch.d.ts",
  "/internal/util/errorObject.js",
  "/internal/util/errorObject.d.ts",
  "/internal/util/UnsubscriptionError.js",
  "/internal/util/UnsubscriptionError.d.ts",
  "/internal/symbol/rxSubscriber.js",
  "/internal/symbol/rxSubscriber.d.ts",
  "/internal/util/toSubscriber.js",
  "/internal/util/toSubscriber.d.ts",
  "/internal/symbol/observable.js",
  "/internal/symbol/observable.d.ts",
  "/internal/util/pipe.js",
  "/internal/util/pipe.d.ts",
  "/internal/util/noop.js",
  "/internal/util/noop.d.ts",
  "/internal/observable/ConnectableObservable.js",
  "/internal/observable/ConnectableObservable.d.ts",
  "/internal/Subject.js",
  "/internal/Subject.d.ts",
  "/internal/util/ObjectUnsubscribedError.js",
  "/internal/util/ObjectUnsubscribedError.d.ts",
  "/internal/SubjectSubscription.js",
  "/internal/SubjectSubscription.d.ts",
  "/internal/operators/refCount.js",
  "/internal/operators/refCount.d.ts",
  "/internal/operators/groupBy.js",
  "/internal/operators/groupBy.d.ts",
  "/internal/BehaviorSubject.js",
  "/internal/BehaviorSubject.d.ts",
  "/internal/ReplaySubject.js",
  "/internal/ReplaySubject.d.ts",
  "/internal/scheduler/queue.js",
  "/internal/scheduler/queue.d.ts",
  "/internal/scheduler/QueueAction.js",
  "/internal/scheduler/QueueAction.d.ts",
  "/internal/scheduler/AsyncAction.js",
  "/internal/scheduler/AsyncAction.d.ts",
  "/internal/scheduler/Action.js",
  "/internal/scheduler/Action.d.ts",
  "/internal/scheduler/QueueScheduler.js",
  "/internal/scheduler/QueueScheduler.d.ts",
  "/internal/scheduler/AsyncScheduler.js",
  "/internal/scheduler/AsyncScheduler.d.ts",
  "/internal/Scheduler.js",
  "/internal/Scheduler.d.ts",
  "/internal/operators/observeOn.js",
  "/internal/operators/observeOn.d.ts",
  "/internal/Notification.js",
  "/internal/Notification.d.ts",
  "/internal/observable/empty.js",
  "/internal/observable/empty.d.ts",
  "/internal/observable/of.js",
  "/internal/observable/of.d.ts",
  "/internal/util/isScheduler.js",
  "/internal/util/isScheduler.d.ts",
  "/internal/observable/fromArray.js",
  "/internal/observable/fromArray.d.ts",
  "/internal/util/subscribeToArray.js",
  "/internal/util/subscribeToArray.d.ts",
  "/internal/observable/scalar.js",
  "/internal/observable/scalar.d.ts",
  "/internal/observable/throwError.js",
  "/internal/observable/throwError.d.ts",
  "/internal/AsyncSubject.js",
  "/internal/AsyncSubject.d.ts",
  "/internal/scheduler/asap.js",
  "/internal/scheduler/asap.d.ts",
  "/internal/scheduler/AsapAction.js",
  "/internal/scheduler/AsapAction.d.ts",
  "/internal/util/Immediate.js",
  "/internal/util/Immediate.d.ts",
  "/internal/scheduler/AsapScheduler.js",
  "/internal/scheduler/AsapScheduler.d.ts",
  "/internal/scheduler/async.js",
  "/internal/scheduler/async.d.ts",
  "/internal/scheduler/animationFrame.js",
  "/internal/scheduler/animationFrame.d.ts",
  "/internal/scheduler/AnimationFrameAction.js",
  "/internal/scheduler/AnimationFrameAction.d.ts",
  "/internal/scheduler/AnimationFrameScheduler.js",
  "/internal/scheduler/AnimationFrameScheduler.d.ts",
  "/internal/scheduler/VirtualTimeScheduler.js",
  "/internal/scheduler/VirtualTimeScheduler.d.ts",
  "/internal/util/identity.js",
  "/internal/util/identity.d.ts",
  "/internal/util/isObservable.js",
  "/internal/util/isObservable.d.ts",
  "/internal/util/ArgumentOutOfRangeError.js",
  "/internal/util/ArgumentOutOfRangeError.d.ts",
  "/internal/util/EmptyError.js",
  "/internal/util/EmptyError.d.ts",
  "/internal/util/TimeoutError.js",
  "/internal/util/TimeoutError.d.ts",
  "/internal/observable/bindCallback.js",
  "/internal/observable/bindCallback.d.ts",
  "/internal/operators/map.js",
  "/internal/operators/map.d.ts",
  "/internal/observable/bindNodeCallback.js",
  "/internal/observable/bindNodeCallback.d.ts",
  "/internal/observable/combineLatest.js",
  "/internal/observable/combineLatest.d.ts",
  "/internal/OuterSubscriber.js",
  "/internal/OuterSubscriber.d.ts",
  "/internal/util/subscribeToResult.js",
  "/internal/util/subscribeToResult.d.ts",
  "/internal/InnerSubscriber.js",
  "/internal/InnerSubscriber.d.ts",
  "/internal/util/subscribeTo.js",
  "/internal/util/subscribeTo.d.ts",
  "/internal/util/subscribeToPromise.js",
  "/internal/util/subscribeToPromise.d.ts",
  "/internal/util/subscribeToIterable.js",
  "/internal/util/subscribeToIterable.d.ts",
  "/internal/symbol/iterator.js",
  "/internal/symbol/iterator.d.ts",
  "/internal/util/subscribeToObservable.js",
  "/internal/util/subscribeToObservable.d.ts",
  "/internal/util/isArrayLike.js",
  "/internal/util/isArrayLike.d.ts",
  "/internal/util/isPromise.js",
  "/internal/util/isPromise.d.ts",
  "/internal/observable/concat.js",
  "/internal/observable/concat.d.ts",
  "/internal/observable/from.js",
  "/internal/observable/from.d.ts",
  "/internal/util/isInteropObservable.js",
  "/internal/util/isInteropObservable.d.ts",
  "/internal/util/isIterable.js",
  "/internal/util/isIterable.d.ts",
  "/internal/observable/fromPromise.js",
  "/internal/observable/fromPromise.d.ts",
  "/internal/observable/fromIterable.js",
  "/internal/observable/fromIterable.d.ts",
  "/internal/observable/fromObservable.js",
  "/internal/observable/fromObservable.d.ts",
  "/internal/operators/concatAll.js",
  "/internal/operators/concatAll.d.ts",
  "/internal/operators/mergeAll.js",
  "/internal/operators/mergeAll.d.ts",
  "/internal/operators/mergeMap.js",
  "/internal/operators/mergeMap.d.ts",
  "/internal/observable/defer.js",
  "/internal/observable/defer.d.ts",
  "/internal/observable/forkJoin.js",
  "/internal/observable/forkJoin.d.ts",
  "/internal/observable/fromEvent.js",
  "/internal/observable/fromEvent.d.ts",
  "/internal/observable/fromEventPattern.js",
  "/internal/observable/fromEventPattern.d.ts",
  "/internal/observable/generate.js",
  "/internal/observable/generate.d.ts",
  "/internal/observable/iif.js",
  "/internal/observable/iif.d.ts",
  "/internal/observable/interval.js",
  "/internal/observable/interval.d.ts",
  "/internal/util/isNumeric.js",
  "/internal/util/isNumeric.d.ts",
  "/internal/observable/merge.js",
  "/internal/observable/merge.d.ts",
  "/internal/observable/never.js",
  "/internal/observable/never.d.ts",
  "/internal/observable/onErrorResumeNext.js",
  "/internal/observable/onErrorResumeNext.d.ts",
  "/internal/observable/pairs.js",
  "/internal/observable/pairs.d.ts",
  "/internal/observable/race.js",
  "/internal/observable/race.d.ts",
  "/internal/observable/range.js",
  "/internal/observable/range.d.ts",
  "/internal/observable/timer.js",
  "/internal/observable/timer.d.ts",
  "/internal/observable/using.js",
  "/internal/observable/using.d.ts",
  "/internal/observable/zip.js",
  "/internal/observable/zip.d.ts",
  "/AsyncSubject.js",
  "/AsyncSubject.d.ts",
  "/BehaviorSubject.js",
  "/BehaviorSubject.d.ts",
  "/InnerSubscriber.js",
  "/InnerSubscriber.d.ts",
  "/interfaces.js",
  "/interfaces.d.ts",
  "/Notification.js",
  "/Notification.d.ts",
  "/Observable.js",
  "/Observable.d.ts",
  "/Observer.js",
  "/Observer.d.ts",
  "/Operator.js",
  "/Operator.d.ts",
  "/OuterSubscriber.js",
  "/OuterSubscriber.d.ts",
  "/ReplaySubject.js",
  "/ReplaySubject.d.ts",
  "/Rx.js",
  "/Rx.d.ts",
  "/Scheduler.js",
  "/Scheduler.d.ts",
  "/Subject.js",
  "/Subject.d.ts",
  "/SubjectSubscription.js",
  "/SubjectSubscription.d.ts",
  "/Subscriber.js",
  "/Subscriber.d.ts",
  "/Subscription.js",
  "/Subscription.d.ts",
  "/ajax/index.js",
  "/ajax/index.d.ts",
  "/internal/observable/dom/ajax.js",
  "/internal/observable/dom/ajax.d.ts",
  "/internal/observable/dom/AjaxObservable.js",
  "/internal/observable/dom/AjaxObservable.d.ts",
  "/internal/util/root.js",
  "/internal/util/root.d.ts",
  "/internal-compatibility/index.js",
  "/internal-compatibility/index.d.ts",
  "/internal/observable/dom/webSocket.js",
  "/internal/observable/dom/webSocket.d.ts",
  "/internal/observable/dom/WebSocketSubject.js",
  "/internal/observable/dom/WebSocketSubject.d.ts",
  "/internal/observable/SubscribeOnObservable.js",
  "/internal/observable/SubscribeOnObservable.d.ts",
  "/internal/operators/timestamp.js",
  "/internal/operators/timestamp.d.ts",
  "/internal/operators/timeInterval.js",
  "/internal/operators/timeInterval.d.ts",
  "/internal/operators/scan.js",
  "/internal/operators/scan.d.ts",
  "/internal/operators/throttle.js",
  "/internal/operators/throttle.d.ts",
  "/internal/util/applyMixins.js",
  "/internal/util/applyMixins.d.ts",
  "/internal/util/isDate.js",
  "/internal/util/isDate.d.ts",
  "/internal/util/not.js",
  "/internal/util/not.d.ts",
  "/operators/index.js",
  "/operators/index.d.ts",
  "/internal/operators/audit.js",
  "/internal/operators/audit.d.ts",
  "/internal/operators/auditTime.js",
  "/internal/operators/auditTime.d.ts",
  "/internal/operators/buffer.js",
  "/internal/operators/buffer.d.ts",
  "/internal/operators/bufferCount.js",
  "/internal/operators/bufferCount.d.ts",
  "/internal/operators/bufferTime.js",
  "/internal/operators/bufferTime.d.ts",
  "/internal/operators/bufferToggle.js",
  "/internal/operators/bufferToggle.d.ts",
  "/internal/operators/bufferWhen.js",
  "/internal/operators/bufferWhen.d.ts",
  "/internal/operators/catchError.js",
  "/internal/operators/catchError.d.ts",
  "/internal/operators/combineAll.js",
  "/internal/operators/combineAll.d.ts",
  "/internal/operators/combineLatest.js",
  "/internal/operators/combineLatest.d.ts",
  "/internal/operators/concat.js",
  "/internal/operators/concat.d.ts",
  "/internal/operators/concatMap.js",
  "/internal/operators/concatMap.d.ts",
  "/internal/operators/concatMapTo.js",
  "/internal/operators/concatMapTo.d.ts",
  "/internal/operators/count.js",
  "/internal/operators/count.d.ts",
  "/internal/operators/debounce.js",
  "/internal/operators/debounce.d.ts",
  "/internal/operators/debounceTime.js",
  "/internal/operators/debounceTime.d.ts",
  "/internal/operators/defaultIfEmpty.js",
  "/internal/operators/defaultIfEmpty.d.ts",
  "/internal/operators/delay.js",
  "/internal/operators/delay.d.ts",
  "/internal/operators/delayWhen.js",
  "/internal/operators/delayWhen.d.ts",
  "/internal/operators/dematerialize.js",
  "/internal/operators/dematerialize.d.ts",
  "/internal/operators/distinct.js",
  "/internal/operators/distinct.d.ts",
  "/internal/operators/distinctUntilChanged.js",
  "/internal/operators/distinctUntilChanged.d.ts",
  "/internal/operators/distinctUntilKeyChanged.js",
  "/internal/operators/distinctUntilKeyChanged.d.ts",
  "/internal/operators/elementAt.js",
  "/internal/operators/elementAt.d.ts",
  "/internal/operators/filter.js",
  "/internal/operators/filter.d.ts",
  "/internal/operators/throwIfEmpty.js",
  "/internal/operators/throwIfEmpty.d.ts",
  "/internal/operators/tap.js",
  "/internal/operators/tap.d.ts",
  "/internal/operators/take.js",
  "/internal/operators/take.d.ts",
  "/internal/operators/endWith.js",
  "/internal/operators/endWith.d.ts",
  "/internal/operators/every.js",
  "/internal/operators/every.d.ts",
  "/internal/operators/exhaust.js",
  "/internal/operators/exhaust.d.ts",
  "/internal/operators/exhaustMap.js",
  "/internal/operators/exhaustMap.d.ts",
  "/internal/operators/expand.js",
  "/internal/operators/expand.d.ts",
  "/internal/operators/finalize.js",
  "/internal/operators/finalize.d.ts",
  "/internal/operators/find.js",
  "/internal/operators/find.d.ts",
  "/internal/operators/findIndex.js",
  "/internal/operators/findIndex.d.ts",
  "/internal/operators/first.js",
  "/internal/operators/first.d.ts",
  "/internal/operators/ignoreElements.js",
  "/internal/operators/ignoreElements.d.ts",
  "/internal/operators/isEmpty.js",
  "/internal/operators/isEmpty.d.ts",
  "/internal/operators/last.js",
  "/internal/operators/last.d.ts",
  "/internal/operators/takeLast.js",
  "/internal/operators/takeLast.d.ts",
  "/internal/operators/mapTo.js",
  "/internal/operators/mapTo.d.ts",
  "/internal/operators/materialize.js",
  "/internal/operators/materialize.d.ts",
  "/internal/operators/max.js",
  "/internal/operators/max.d.ts",
  "/internal/operators/reduce.js",
  "/internal/operators/reduce.d.ts",
  "/internal/operators/merge.js",
  "/internal/operators/merge.d.ts",
  "/internal/operators/mergeMapTo.js",
  "/internal/operators/mergeMapTo.d.ts",
  "/internal/operators/mergeScan.js",
  "/internal/operators/mergeScan.d.ts",
  "/internal/operators/min.js",
  "/internal/operators/min.d.ts",
  "/internal/operators/multicast.js",
  "/internal/operators/multicast.d.ts",
  "/internal/operators/onErrorResumeNext.js",
  "/internal/operators/onErrorResumeNext.d.ts",
  "/internal/operators/pairwise.js",
  "/internal/operators/pairwise.d.ts",
  "/internal/operators/partition.js",
  "/internal/operators/partition.d.ts",
  "/internal/operators/pluck.js",
  "/internal/operators/pluck.d.ts",
  "/internal/operators/publish.js",
  "/internal/operators/publish.d.ts",
  "/internal/operators/publishBehavior.js",
  "/internal/operators/publishBehavior.d.ts",
  "/internal/operators/publishLast.js",
  "/internal/operators/publishLast.d.ts",
  "/internal/operators/publishReplay.js",
  "/internal/operators/publishReplay.d.ts",
  "/internal/operators/race.js",
  "/internal/operators/race.d.ts",
  "/internal/operators/repeat.js",
  "/internal/operators/repeat.d.ts",
  "/internal/operators/repeatWhen.js",
  "/internal/operators/repeatWhen.d.ts",
  "/internal/operators/retry.js",
  "/internal/operators/retry.d.ts",
  "/internal/operators/retryWhen.js",
  "/internal/operators/retryWhen.d.ts",
  "/internal/operators/sample.js",
  "/internal/operators/sample.d.ts",
  "/internal/operators/sampleTime.js",
  "/internal/operators/sampleTime.d.ts",
  "/internal/operators/sequenceEqual.js",
  "/internal/operators/sequenceEqual.d.ts",
  "/internal/operators/share.js",
  "/internal/operators/share.d.ts",
  "/internal/operators/shareReplay.js",
  "/internal/operators/shareReplay.d.ts",
  "/internal/operators/single.js",
  "/internal/operators/single.d.ts",
  "/internal/operators/skip.js",
  "/internal/operators/skip.d.ts",
  "/internal/operators/skipLast.js",
  "/internal/operators/skipLast.d.ts",
  "/internal/operators/skipUntil.js",
  "/internal/operators/skipUntil.d.ts",
  "/internal/operators/skipWhile.js",
  "/internal/operators/skipWhile.d.ts",
  "/internal/operators/startWith.js",
  "/internal/operators/startWith.d.ts",
  "/internal/operators/subscribeOn.js",
  "/internal/operators/subscribeOn.d.ts",
  "/internal/operators/switchAll.js",
  "/internal/operators/switchAll.d.ts",
  "/internal/operators/switchMap.js",
  "/internal/operators/switchMap.d.ts",
  "/internal/operators/switchMapTo.js",
  "/internal/operators/switchMapTo.d.ts",
  "/internal/operators/takeUntil.js",
  "/internal/operators/takeUntil.d.ts",
  "/internal/operators/takeWhile.js",
  "/internal/operators/takeWhile.d.ts",
  "/internal/operators/throttleTime.js",
  "/internal/operators/throttleTime.d.ts",
  "/internal/operators/timeout.js",
  "/internal/operators/timeout.d.ts",
  "/internal/operators/timeoutWith.js",
  "/internal/operators/timeoutWith.d.ts",
  "/internal/operators/toArray.js",
  "/internal/operators/toArray.d.ts",
  "/internal/operators/window.js",
  "/internal/operators/window.d.ts",
  "/internal/operators/windowCount.js",
  "/internal/operators/windowCount.d.ts",
  "/internal/operators/windowTime.js",
  "/internal/operators/windowTime.d.ts",
  "/internal/operators/windowToggle.js",
  "/internal/operators/windowToggle.d.ts",
  "/internal/operators/windowWhen.js",
  "/internal/operators/windowWhen.d.ts",
  "/internal/operators/withLatestFrom.js",
  "/internal/operators/withLatestFrom.d.ts",
  "/internal/operators/zip.js",
  "/internal/operators/zip.d.ts",
  "/internal/operators/zipAll.js",
  "/internal/operators/zipAll.d.ts",
  "/testing/index.js",
  "/testing/index.d.ts",
  "/internal/testing/TestScheduler.js",
  "/internal/testing/TestScheduler.d.ts",
  "/internal/testing/ColdObservable.js",
  "/internal/testing/ColdObservable.d.ts",
  "/internal/testing/SubscriptionLoggable.js",
  "/internal/testing/SubscriptionLoggable.d.ts",
  "/internal/testing/SubscriptionLog.js",
  "/internal/testing/SubscriptionLog.d.ts",
  "/internal/testing/HotObservable.js",
  "/internal/testing/HotObservable.d.ts",
  "/webSocket/index.js",
  "/webSocket/index.d.ts",
  "/package.json",
]
`;
