// Jest Snapshot v1, https://goo.gl/fbAQLP

exports[`Number cannot be extended 1`] = `
"snippetCode.ts (2,30): Type 'NumberConstructor' is not a constructor function type.

      1 | 
    > 2 |       class MyNumber extends Number {
        |                              ^
      3 |       }
      4 |     
"
`;

exports[`Number cannot be implemented 1`] = `
"snippetCode.ts (2,13): Class 'MyNumber' incorrectly implements interface 'Number'.
  Property '[one0]' is missing in type 'MyNumber' but required in type 'Number'.

      1 | 
    > 2 |       class MyNumber implements Number {
        |             ^
      3 |       }
      4 |     
"
`;
