// Jest Snapshot v1, https://goo.gl/fbAQLP

exports[`ImportExpressionCompiler import("foo") 1`] = `"Cannot find global type 'Promise'."`;
