// Jest Snapshot v1, https://goo.gl/fbAQLP

exports[`RegularExpressionLiteralCompiler /foo/ 1`] = `
"snippetCode.ts (2,7): Unsupported syntax.

      1 | 
    > 2 |       /foo/
        |       ^
      3 |     
"
`;
