// Jest Snapshot v1, https://goo.gl/fbAQLP

exports[`ImportDeclarationCompiler export = unsupported 1`] = `
"snippetCode.ts (4,7): Export assignment cannot be used when targeting ECMAScript modules. Consider using 'export default' or another module format instead.

      2 |       const x = 'foo';
      3 | 
    > 4 |       export = x;
        |       ^
      5 |     
"
`;

exports[`ImportDeclarationCompiler import = unsupported 1`] = `
"snippetCode.ts (2,7): Import assignment cannot be used when targeting ECMAScript modules. Consider using 'import * as ns from \\"mod\\"', 'import {a} from \\"mod\\"', 'import d from \\"mod\\"', or another module format instead.

      1 | 
    > 2 |       import x = require('x');
        |       ^
      3 |     
"
`;
