// Jest Snapshot v1, https://goo.gl/fbAQLP

exports[`NEOONEDataProvider getInvocationData - missing transaction data 1`] = `[Error [MISSING_TRANSACTION_DATA]: Missing transaction data for transaction 0xb50034d97ba8c836758de1124b6c77d38bc772abc9a8f22c85e7389014e75234]`;
