// Jest Snapshot v1, https://goo.gl/fbAQLP

exports[`Set.prototype[Symbol.iterator] cannot be referenced 1`] = `
"snippetCode.ts (3,19): Builtin properties cannot be referenced

      1 | 
      2 |       const x = new Set<number>();
    > 3 |       const y = x[Symbol.iterator];
        |                   ^
      4 |     
"
`;
