// Jest Snapshot v1, https://goo.gl/fbAQLP

exports[`InvokeSmartContractHelper class that used processedTransactions, send, receive and claim 1`] = `"1.111"`;

exports[`InvokeSmartContractHelper class that used processedTransactions, send, receive and claim 2`] = `"1.953"`;

exports[`InvokeSmartContractHelper class that used processedTransactions, send, receive and claim 3`] = `"1.962"`;

exports[`InvokeSmartContractHelper class that used processedTransactions, send, receive and claim 4`] = `"1.647"`;

exports[`InvokeSmartContractHelper class that used processedTransactions, send, receive and claim 5`] = `"3.493"`;

exports[`InvokeSmartContractHelper class that used processedTransactions, send, receive and claim 6`] = `"0.783"`;

exports[`InvokeSmartContractHelper class that used processedTransactions, send, receive and claim 7`] = `"3.462"`;

exports[`InvokeSmartContractHelper class that used processedTransactions, send, receive and claim 8`] = `"0.783"`;
