// Jest Snapshot v1, https://goo.gl/fbAQLP

exports[`Buffer.prototype.length cannot set the "length" of a buffer 1`] = `
"snippetCode.ts (6,11): Cannot assign to 'length' because it is a read-only property.

      4 |       let error: string | undefined;
      5 |       try {
    > 6 |         x[a] = 10;
        |           ^
      7 |       } catch (err) {
      8 |         error = err;
      9 |       }
"
`;

exports[`Buffer.prototype.length cannot set the length of a buffer 1`] = `
"snippetCode.ts (3,9): Cannot assign to 'length' because it is a read-only property.

      1 | 
      2 |       const x = Buffer.from('3030', 'hex');
    > 3 |       x.length = 4;
        |         ^
      4 |     
"
`;
