// Jest Snapshot v1, https://goo.gl/fbAQLP

exports[`Buffer.prototype.toString cannot be referenced 1`] = `
"snippetCode.ts (3,19): Builtin properties cannot be referenced

      1 | 
      2 |       const x = Buffer.from('5946158ab93f5f4fd6ba230f1c6c235117eec5f83e65275ac6f93ada9ca60477', 'hex');
    > 3 |       const y = x.toString;
        |                   ^
      4 |     
"
`;

exports[`Buffer.prototype.toString cannot have argument other than utf8 1`] = `
"snippetCode.ts (2,103): Argument of type '\\"hex\\"' is not assignable to parameter of type '\\"utf8\\"'.

      1 | 
    > 2 |       Buffer.from('5946158ab93f5f4fd6ba230f1c6c235117eec5f83e65275ac6f93ada9ca60477', 'hex').toString('hex');
        |                                                                                                       ^
      3 |     
"
`;
