// Jest Snapshot v1, https://goo.gl/fbAQLP

exports[`output converts to output 1`] = `"9b7cffdaa674beae0f930ebe6085af9093e5fe56b34a5c220ccdcf6efc336fc5"`;
